**************************************************
Report         : unread_endpoints
                 -all 

Reference      : r:/WORK/ptrng_REG_WIDTH32_RAND_WIDTH32
Implementation : i:/WORK/ptrng_REG_WIDTH32_RAND_WIDTH32
Version        : V-2023.12-SP4
Date           : Wed Sep 17 14:30:33 2025
**************************************************

Following 262 blocking objects identified in the fanout:

    (Pin )  r:/WORK/ptrng_REG_WIDTH32_RAND_WIDTH32/source/cdc/dpfifo/almost_full  (no reader)
    (Pin )  r:/WORK/ptrng_REG_WIDTH32_RAND_WIDTH32/source/cdc/dpfifo/full  (no reader)
    (Net )  r:/WORK/ptrng_REG_WIDTH32_RAND_WIDTH32/alarm/fm_mux_I721/andOut0[0]  (blocked by constant)
    (Net )  r:/WORK/ptrng_REG_WIDTH32_RAND_WIDTH32/alarm/fm_mux_I499/andOut0[1]  (blocked by constant)
    (Net )  r:/WORK/ptrng_REG_WIDTH32_RAND_WIDTH32/alarm/fm_mux_I721/andOut10[0]  (blocked by constant)
    (Net )  r:/WORK/ptrng_REG_WIDTH32_RAND_WIDTH32/alarm/fm_mux_I499/andOut10[1]  (blocked by constant)
    (Net )  r:/WORK/ptrng_REG_WIDTH32_RAND_WIDTH32/alarm/fm_mux_I721/andOut11[0]  (blocked by constant)
    (Net )  r:/WORK/ptrng_REG_WIDTH32_RAND_WIDTH32/alarm/fm_mux_I499/andOut11[1]  (blocked by constant)
    (Net )  r:/WORK/ptrng_REG_WIDTH32_RAND_WIDTH32/alarm/fm_mux_I721/andOut12[0]  (blocked by constant)
    (Net )  r:/WORK/ptrng_REG_WIDTH32_RAND_WIDTH32/alarm/fm_mux_I499/andOut12[1]  (blocked by constant)
    (Net )  r:/WORK/ptrng_REG_WIDTH32_RAND_WIDTH32/alarm/fm_mux_I721/andOut13[0]  (blocked by constant)
    (Net )  r:/WORK/ptrng_REG_WIDTH32_RAND_WIDTH32/alarm/fm_mux_I499/andOut13[1]  (blocked by constant)
    (Net )  r:/WORK/ptrng_REG_WIDTH32_RAND_WIDTH32/alarm/fm_mux_I721/andOut14[0]  (blocked by constant)
    (Net )  r:/WORK/ptrng_REG_WIDTH32_RAND_WIDTH32/alarm/fm_mux_I499/andOut14[1]  (blocked by constant)
    (Net )  r:/WORK/ptrng_REG_WIDTH32_RAND_WIDTH32/alarm/fm_mux_I721/andOut15[0]  (blocked by constant)
    (Net )  r:/WORK/ptrng_REG_WIDTH32_RAND_WIDTH32/alarm/fm_mux_I499/andOut15[1]  (blocked by constant)
    (Net )  r:/WORK/ptrng_REG_WIDTH32_RAND_WIDTH32/alarm/fm_mux_I721/andOut16[0]  (blocked by constant)
    (Net )  r:/WORK/ptrng_REG_WIDTH32_RAND_WIDTH32/alarm/fm_mux_I499/andOut16[1]  (blocked by constant)
    (Net )  r:/WORK/ptrng_REG_WIDTH32_RAND_WIDTH32/alarm/fm_mux_I721/andOut17[0]  (blocked by constant)
    (Net )  r:/WORK/ptrng_REG_WIDTH32_RAND_WIDTH32/alarm/fm_mux_I499/andOut17[1]  (blocked by constant)
    (Net )  r:/WORK/ptrng_REG_WIDTH32_RAND_WIDTH32/alarm/fm_mux_I721/andOut18[0]  (blocked by constant)
    (Net )  r:/WORK/ptrng_REG_WIDTH32_RAND_WIDTH32/alarm/fm_mux_I499/andOut18[1]  (blocked by constant)
    (Net )  r:/WORK/ptrng_REG_WIDTH32_RAND_WIDTH32/alarm/fm_mux_I721/andOut19[0]  (blocked by constant)
    (Net )  r:/WORK/ptrng_REG_WIDTH32_RAND_WIDTH32/alarm/fm_mux_I499/andOut19[1]  (blocked by constant)
    (Net )  r:/WORK/ptrng_REG_WIDTH32_RAND_WIDTH32/alarm/fm_mux_I721/andOut1[0]  (blocked by constant)
    (Net )  r:/WORK/ptrng_REG_WIDTH32_RAND_WIDTH32/alarm/fm_mux_I499/andOut1[1]  (blocked by constant)
    (Net )  r:/WORK/ptrng_REG_WIDTH32_RAND_WIDTH32/alarm/fm_mux_I721/andOut20[0]  (blocked by constant)
    (Net )  r:/WORK/ptrng_REG_WIDTH32_RAND_WIDTH32/alarm/fm_mux_I499/andOut20[1]  (blocked by constant)
    (Net )  r:/WORK/ptrng_REG_WIDTH32_RAND_WIDTH32/alarm/fm_mux_I721/andOut21[0]  (blocked by constant)
    (Net )  r:/WORK/ptrng_REG_WIDTH32_RAND_WIDTH32/alarm/fm_mux_I499/andOut21[1]  (blocked by constant)
    (Net )  r:/WORK/ptrng_REG_WIDTH32_RAND_WIDTH32/alarm/fm_mux_I721/andOut22[0]  (blocked by constant)
    (Net )  r:/WORK/ptrng_REG_WIDTH32_RAND_WIDTH32/alarm/fm_mux_I499/andOut22[1]  (blocked by constant)
    (Net )  r:/WORK/ptrng_REG_WIDTH32_RAND_WIDTH32/alarm/fm_mux_I721/andOut23[0]  (blocked by constant)
    (Net )  r:/WORK/ptrng_REG_WIDTH32_RAND_WIDTH32/alarm/fm_mux_I499/andOut23[1]  (blocked by constant)
    (Net )  r:/WORK/ptrng_REG_WIDTH32_RAND_WIDTH32/alarm/fm_mux_I721/andOut24[0]  (blocked by constant)
    (Net )  r:/WORK/ptrng_REG_WIDTH32_RAND_WIDTH32/alarm/fm_mux_I499/andOut24[1]  (blocked by constant)
    (Net )  r:/WORK/ptrng_REG_WIDTH32_RAND_WIDTH32/alarm/fm_mux_I721/andOut25[0]  (blocked by constant)
    (Net )  r:/WORK/ptrng_REG_WIDTH32_RAND_WIDTH32/alarm/fm_mux_I499/andOut25[1]  (blocked by constant)
    (Net )  r:/WORK/ptrng_REG_WIDTH32_RAND_WIDTH32/alarm/fm_mux_I721/andOut26[0]  (blocked by constant)
    (Net )  r:/WORK/ptrng_REG_WIDTH32_RAND_WIDTH32/alarm/fm_mux_I499/andOut26[1]  (blocked by constant)
    (Net )  r:/WORK/ptrng_REG_WIDTH32_RAND_WIDTH32/alarm/fm_mux_I721/andOut27[0]  (blocked by constant)
    (Net )  r:/WORK/ptrng_REG_WIDTH32_RAND_WIDTH32/alarm/fm_mux_I499/andOut27[1]  (blocked by constant)
    (Net )  r:/WORK/ptrng_REG_WIDTH32_RAND_WIDTH32/alarm/fm_mux_I721/andOut28[0]  (blocked by constant)
    (Net )  r:/WORK/ptrng_REG_WIDTH32_RAND_WIDTH32/alarm/fm_mux_I499/andOut28[1]  (blocked by constant)
    (Net )  r:/WORK/ptrng_REG_WIDTH32_RAND_WIDTH32/alarm/fm_mux_I721/andOut29[0]  (blocked by constant)
    (Net )  r:/WORK/ptrng_REG_WIDTH32_RAND_WIDTH32/alarm/fm_mux_I499/andOut29[1]  (blocked by constant)
    (Net )  r:/WORK/ptrng_REG_WIDTH32_RAND_WIDTH32/alarm/fm_mux_I721/andOut2[0]  (blocked by constant)
    (Net )  r:/WORK/ptrng_REG_WIDTH32_RAND_WIDTH32/alarm/fm_mux_I499/andOut2[1]  (blocked by constant)
    (Net )  r:/WORK/ptrng_REG_WIDTH32_RAND_WIDTH32/alarm/fm_mux_I721/andOut30[0]  (blocked by constant)
    (Net )  r:/WORK/ptrng_REG_WIDTH32_RAND_WIDTH32/alarm/fm_mux_I499/andOut30[1]  (blocked by constant)
    (Net )  r:/WORK/ptrng_REG_WIDTH32_RAND_WIDTH32/alarm/fm_mux_I721/andOut31[0]  (blocked by constant)
    (Net )  r:/WORK/ptrng_REG_WIDTH32_RAND_WIDTH32/alarm/fm_mux_I499/andOut31[1]  (blocked by constant)
    (Net )  r:/WORK/ptrng_REG_WIDTH32_RAND_WIDTH32/alarm/fm_mux_I721/andOut3[0]  (blocked by constant)
    (Net )  r:/WORK/ptrng_REG_WIDTH32_RAND_WIDTH32/alarm/fm_mux_I499/andOut3[1]  (blocked by constant)
    (Net )  r:/WORK/ptrng_REG_WIDTH32_RAND_WIDTH32/alarm/fm_mux_I721/andOut4[0]  (blocked by constant)
    (Net )  r:/WORK/ptrng_REG_WIDTH32_RAND_WIDTH32/alarm/fm_mux_I499/andOut4[1]  (blocked by constant)
    (Net )  r:/WORK/ptrng_REG_WIDTH32_RAND_WIDTH32/alarm/fm_mux_I721/andOut5[0]  (blocked by constant)
    (Net )  r:/WORK/ptrng_REG_WIDTH32_RAND_WIDTH32/alarm/fm_mux_I499/andOut5[1]  (blocked by constant)
    (Net )  r:/WORK/ptrng_REG_WIDTH32_RAND_WIDTH32/alarm/fm_mux_I721/andOut6[0]  (blocked by constant)
    (Net )  r:/WORK/ptrng_REG_WIDTH32_RAND_WIDTH32/alarm/fm_mux_I499/andOut6[1]  (blocked by constant)
    (Net )  r:/WORK/ptrng_REG_WIDTH32_RAND_WIDTH32/alarm/fm_mux_I721/andOut7[0]  (blocked by constant)
    (Net )  r:/WORK/ptrng_REG_WIDTH32_RAND_WIDTH32/alarm/fm_mux_I499/andOut7[1]  (blocked by constant)
    (Net )  r:/WORK/ptrng_REG_WIDTH32_RAND_WIDTH32/alarm/fm_mux_I721/andOut8[0]  (blocked by constant)
    (Net )  r:/WORK/ptrng_REG_WIDTH32_RAND_WIDTH32/alarm/fm_mux_I499/andOut8[1]  (blocked by constant)
    (Net )  r:/WORK/ptrng_REG_WIDTH32_RAND_WIDTH32/alarm/fm_mux_I721/andOut9[0]  (blocked by constant)
    (Net )  r:/WORK/ptrng_REG_WIDTH32_RAND_WIDTH32/alarm/fm_mux_I499/andOut9[1]  (blocked by constant)
    (Net )  r:/WORK/ptrng_REG_WIDTH32_RAND_WIDTH32/alarm/fm_sbox_I723/and_0out  (blocked by constant)
    (Net )  r:/WORK/ptrng_REG_WIDTH32_RAND_WIDTH32/alarm/fm_Ned  (blocked by constant)
    (Net )  r:/WORK/ptrng_REG_WIDTH32_RAND_WIDTH32/freqdivider_en  (no reader)
    (Net )  r:/WORK/ptrng_REG_WIDTH32_RAND_WIDTH32/freqdivider_value[0]  (no reader)
    (Net )  r:/WORK/ptrng_REG_WIDTH32_RAND_WIDTH32/freqdivider_value[10]  (no reader)
    (Net )  r:/WORK/ptrng_REG_WIDTH32_RAND_WIDTH32/freqdivider_value[11]  (no reader)
    (Net )  r:/WORK/ptrng_REG_WIDTH32_RAND_WIDTH32/freqdivider_value[12]  (no reader)
    (Net )  r:/WORK/ptrng_REG_WIDTH32_RAND_WIDTH32/freqdivider_value[13]  (no reader)
    (Net )  r:/WORK/ptrng_REG_WIDTH32_RAND_WIDTH32/freqdivider_value[14]  (no reader)
    (Net )  r:/WORK/ptrng_REG_WIDTH32_RAND_WIDTH32/freqdivider_value[15]  (no reader)
    (Net )  r:/WORK/ptrng_REG_WIDTH32_RAND_WIDTH32/freqdivider_value[16]  (no reader)
    (Net )  r:/WORK/ptrng_REG_WIDTH32_RAND_WIDTH32/freqdivider_value[17]  (no reader)
    (Net )  r:/WORK/ptrng_REG_WIDTH32_RAND_WIDTH32/freqdivider_value[18]  (no reader)
    (Net )  r:/WORK/ptrng_REG_WIDTH32_RAND_WIDTH32/freqdivider_value[19]  (no reader)
    (Net )  r:/WORK/ptrng_REG_WIDTH32_RAND_WIDTH32/freqdivider_value[1]  (no reader)
    (Net )  r:/WORK/ptrng_REG_WIDTH32_RAND_WIDTH32/freqdivider_value[20]  (no reader)
    (Net )  r:/WORK/ptrng_REG_WIDTH32_RAND_WIDTH32/freqdivider_value[21]  (no reader)
    (Net )  r:/WORK/ptrng_REG_WIDTH32_RAND_WIDTH32/freqdivider_value[22]  (no reader)
    (Net )  r:/WORK/ptrng_REG_WIDTH32_RAND_WIDTH32/freqdivider_value[23]  (no reader)
    (Net )  r:/WORK/ptrng_REG_WIDTH32_RAND_WIDTH32/freqdivider_value[24]  (no reader)
    (Net )  r:/WORK/ptrng_REG_WIDTH32_RAND_WIDTH32/freqdivider_value[25]  (no reader)
    (Net )  r:/WORK/ptrng_REG_WIDTH32_RAND_WIDTH32/freqdivider_value[26]  (no reader)
    (Net )  r:/WORK/ptrng_REG_WIDTH32_RAND_WIDTH32/freqdivider_value[27]  (no reader)
    (Net )  r:/WORK/ptrng_REG_WIDTH32_RAND_WIDTH32/freqdivider_value[28]  (no reader)
    (Net )  r:/WORK/ptrng_REG_WIDTH32_RAND_WIDTH32/freqdivider_value[29]  (no reader)
    (Net )  r:/WORK/ptrng_REG_WIDTH32_RAND_WIDTH32/freqdivider_value[2]  (no reader)
    (Net )  r:/WORK/ptrng_REG_WIDTH32_RAND_WIDTH32/freqdivider_value[30]  (no reader)
    (Net )  r:/WORK/ptrng_REG_WIDTH32_RAND_WIDTH32/freqdivider_value[31]  (no reader)
    (Net )  r:/WORK/ptrng_REG_WIDTH32_RAND_WIDTH32/freqdivider_value[3]  (no reader)
    (Net )  r:/WORK/ptrng_REG_WIDTH32_RAND_WIDTH32/freqdivider_value[4]  (no reader)
    (Net )  r:/WORK/ptrng_REG_WIDTH32_RAND_WIDTH32/freqdivider_value[5]  (no reader)
    (Net )  r:/WORK/ptrng_REG_WIDTH32_RAND_WIDTH32/freqdivider_value[6]  (no reader)
    (Net )  r:/WORK/ptrng_REG_WIDTH32_RAND_WIDTH32/freqdivider_value[7]  (no reader)
    (Net )  r:/WORK/ptrng_REG_WIDTH32_RAND_WIDTH32/freqdivider_value[8]  (no reader)
    (Net )  r:/WORK/ptrng_REG_WIDTH32_RAND_WIDTH32/freqdivider_value[9]  (no reader)
    (Net )  r:/WORK/ptrng_REG_WIDTH32_RAND_WIDTH32/ring_en[10]  (no reader)
    (Net )  r:/WORK/ptrng_REG_WIDTH32_RAND_WIDTH32/ring_en[11]  (no reader)
    (Net )  r:/WORK/ptrng_REG_WIDTH32_RAND_WIDTH32/ring_en[12]  (no reader)
    (Net )  r:/WORK/ptrng_REG_WIDTH32_RAND_WIDTH32/ring_en[13]  (no reader)
    (Net )  r:/WORK/ptrng_REG_WIDTH32_RAND_WIDTH32/ring_en[14]  (no reader)
    (Net )  r:/WORK/ptrng_REG_WIDTH32_RAND_WIDTH32/ring_en[15]  (no reader)
    (Net )  r:/WORK/ptrng_REG_WIDTH32_RAND_WIDTH32/ring_en[16]  (no reader)
    (Net )  r:/WORK/ptrng_REG_WIDTH32_RAND_WIDTH32/ring_en[17]  (no reader)
    (Net )  r:/WORK/ptrng_REG_WIDTH32_RAND_WIDTH32/ring_en[18]  (no reader)
    (Net )  r:/WORK/ptrng_REG_WIDTH32_RAND_WIDTH32/ring_en[19]  (no reader)
    (Net )  r:/WORK/ptrng_REG_WIDTH32_RAND_WIDTH32/ring_en[20]  (no reader)
    (Net )  r:/WORK/ptrng_REG_WIDTH32_RAND_WIDTH32/ring_en[21]  (no reader)
    (Net )  r:/WORK/ptrng_REG_WIDTH32_RAND_WIDTH32/ring_en[22]  (no reader)
    (Net )  r:/WORK/ptrng_REG_WIDTH32_RAND_WIDTH32/ring_en[23]  (no reader)
    (Net )  r:/WORK/ptrng_REG_WIDTH32_RAND_WIDTH32/ring_en[24]  (no reader)
    (Net )  r:/WORK/ptrng_REG_WIDTH32_RAND_WIDTH32/ring_en[25]  (no reader)
    (Net )  r:/WORK/ptrng_REG_WIDTH32_RAND_WIDTH32/ring_en[26]  (no reader)
    (Net )  r:/WORK/ptrng_REG_WIDTH32_RAND_WIDTH32/ring_en[27]  (no reader)
    (Net )  r:/WORK/ptrng_REG_WIDTH32_RAND_WIDTH32/ring_en[28]  (no reader)
    (Net )  r:/WORK/ptrng_REG_WIDTH32_RAND_WIDTH32/ring_en[29]  (no reader)
    (Net )  r:/WORK/ptrng_REG_WIDTH32_RAND_WIDTH32/ring_en[2]  (no reader)
    (Net )  r:/WORK/ptrng_REG_WIDTH32_RAND_WIDTH32/ring_en[30]  (no reader)
    (Net )  r:/WORK/ptrng_REG_WIDTH32_RAND_WIDTH32/ring_en[31]  (no reader)
    (Net )  r:/WORK/ptrng_REG_WIDTH32_RAND_WIDTH32/ring_en[3]  (no reader)
    (Net )  r:/WORK/ptrng_REG_WIDTH32_RAND_WIDTH32/ring_en[4]  (no reader)
    (Net )  r:/WORK/ptrng_REG_WIDTH32_RAND_WIDTH32/ring_en[5]  (no reader)
    (Net )  r:/WORK/ptrng_REG_WIDTH32_RAND_WIDTH32/ring_en[6]  (no reader)
    (Net )  r:/WORK/ptrng_REG_WIDTH32_RAND_WIDTH32/ring_en[7]  (no reader)
    (Net )  r:/WORK/ptrng_REG_WIDTH32_RAND_WIDTH32/ring_en[8]  (no reader)
    (Net )  r:/WORK/ptrng_REG_WIDTH32_RAND_WIDTH32/ring_en[9]  (no reader)
    (Pin )  i:/WORK/ptrng_REG_WIDTH32_RAND_WIDTH32/i_digitalnoise/i_synchronizer/i_dpfifo/almost_full  (no reader)
    (Pin )  i:/WORK/ptrng_REG_WIDTH32_RAND_WIDTH32/i_digitalnoise/i_synchronizer/i_dpfifo/full  (no reader)
    (Net )  i:/WORK/ptrng_REG_WIDTH32_RAND_WIDTH32/alarm/fm_mux_Ic6/andOut0[0]  (blocked by constant)
    (Net )  i:/WORK/ptrng_REG_WIDTH32_RAND_WIDTH32/alarm/fm_mux_I48/andOut0[1]  (blocked by constant)
    (Net )  i:/WORK/ptrng_REG_WIDTH32_RAND_WIDTH32/alarm/fm_mux_Ic6/andOut10[0]  (blocked by constant)
    (Net )  i:/WORK/ptrng_REG_WIDTH32_RAND_WIDTH32/alarm/fm_mux_I48/andOut10[1]  (blocked by constant)
    (Net )  i:/WORK/ptrng_REG_WIDTH32_RAND_WIDTH32/alarm/fm_mux_Ic6/andOut11[0]  (blocked by constant)
    (Net )  i:/WORK/ptrng_REG_WIDTH32_RAND_WIDTH32/alarm/fm_mux_I48/andOut11[1]  (blocked by constant)
    (Net )  i:/WORK/ptrng_REG_WIDTH32_RAND_WIDTH32/alarm/fm_mux_Ic6/andOut12[0]  (blocked by constant)
    (Net )  i:/WORK/ptrng_REG_WIDTH32_RAND_WIDTH32/alarm/fm_mux_I48/andOut12[1]  (blocked by constant)
    (Net )  i:/WORK/ptrng_REG_WIDTH32_RAND_WIDTH32/alarm/fm_mux_Ic6/andOut13[0]  (blocked by constant)
    (Net )  i:/WORK/ptrng_REG_WIDTH32_RAND_WIDTH32/alarm/fm_mux_I48/andOut13[1]  (blocked by constant)
    (Net )  i:/WORK/ptrng_REG_WIDTH32_RAND_WIDTH32/alarm/fm_mux_Ic6/andOut14[0]  (blocked by constant)
    (Net )  i:/WORK/ptrng_REG_WIDTH32_RAND_WIDTH32/alarm/fm_mux_I48/andOut14[1]  (blocked by constant)
    (Net )  i:/WORK/ptrng_REG_WIDTH32_RAND_WIDTH32/alarm/fm_mux_Ic6/andOut15[0]  (blocked by constant)
    (Net )  i:/WORK/ptrng_REG_WIDTH32_RAND_WIDTH32/alarm/fm_mux_I48/andOut15[1]  (blocked by constant)
    (Net )  i:/WORK/ptrng_REG_WIDTH32_RAND_WIDTH32/alarm/fm_mux_Ic6/andOut16[0]  (blocked by constant)
    (Net )  i:/WORK/ptrng_REG_WIDTH32_RAND_WIDTH32/alarm/fm_mux_I48/andOut16[1]  (blocked by constant)
    (Net )  i:/WORK/ptrng_REG_WIDTH32_RAND_WIDTH32/alarm/fm_mux_Ic6/andOut17[0]  (blocked by constant)
    (Net )  i:/WORK/ptrng_REG_WIDTH32_RAND_WIDTH32/alarm/fm_mux_I48/andOut17[1]  (blocked by constant)
    (Net )  i:/WORK/ptrng_REG_WIDTH32_RAND_WIDTH32/alarm/fm_mux_Ic6/andOut18[0]  (blocked by constant)
    (Net )  i:/WORK/ptrng_REG_WIDTH32_RAND_WIDTH32/alarm/fm_mux_I48/andOut18[1]  (blocked by constant)
    (Net )  i:/WORK/ptrng_REG_WIDTH32_RAND_WIDTH32/alarm/fm_mux_Ic6/andOut19[0]  (blocked by constant)
    (Net )  i:/WORK/ptrng_REG_WIDTH32_RAND_WIDTH32/alarm/fm_mux_I48/andOut19[1]  (blocked by constant)
    (Net )  i:/WORK/ptrng_REG_WIDTH32_RAND_WIDTH32/alarm/fm_mux_Ic6/andOut1[0]  (blocked by constant)
    (Net )  i:/WORK/ptrng_REG_WIDTH32_RAND_WIDTH32/alarm/fm_mux_I48/andOut1[1]  (blocked by constant)
    (Net )  i:/WORK/ptrng_REG_WIDTH32_RAND_WIDTH32/alarm/fm_mux_Ic6/andOut20[0]  (blocked by constant)
    (Net )  i:/WORK/ptrng_REG_WIDTH32_RAND_WIDTH32/alarm/fm_mux_I48/andOut20[1]  (blocked by constant)
    (Net )  i:/WORK/ptrng_REG_WIDTH32_RAND_WIDTH32/alarm/fm_mux_Ic6/andOut21[0]  (blocked by constant)
    (Net )  i:/WORK/ptrng_REG_WIDTH32_RAND_WIDTH32/alarm/fm_mux_I48/andOut21[1]  (blocked by constant)
    (Net )  i:/WORK/ptrng_REG_WIDTH32_RAND_WIDTH32/alarm/fm_mux_Ic6/andOut22[0]  (blocked by constant)
    (Net )  i:/WORK/ptrng_REG_WIDTH32_RAND_WIDTH32/alarm/fm_mux_I48/andOut22[1]  (blocked by constant)
    (Net )  i:/WORK/ptrng_REG_WIDTH32_RAND_WIDTH32/alarm/fm_mux_Ic6/andOut23[0]  (blocked by constant)
    (Net )  i:/WORK/ptrng_REG_WIDTH32_RAND_WIDTH32/alarm/fm_mux_I48/andOut23[1]  (blocked by constant)
    (Net )  i:/WORK/ptrng_REG_WIDTH32_RAND_WIDTH32/alarm/fm_mux_Ic6/andOut24[0]  (blocked by constant)
    (Net )  i:/WORK/ptrng_REG_WIDTH32_RAND_WIDTH32/alarm/fm_mux_I48/andOut24[1]  (blocked by constant)
    (Net )  i:/WORK/ptrng_REG_WIDTH32_RAND_WIDTH32/alarm/fm_mux_Ic6/andOut25[0]  (blocked by constant)
    (Net )  i:/WORK/ptrng_REG_WIDTH32_RAND_WIDTH32/alarm/fm_mux_I48/andOut25[1]  (blocked by constant)
    (Net )  i:/WORK/ptrng_REG_WIDTH32_RAND_WIDTH32/alarm/fm_mux_Ic6/andOut26[0]  (blocked by constant)
    (Net )  i:/WORK/ptrng_REG_WIDTH32_RAND_WIDTH32/alarm/fm_mux_I48/andOut26[1]  (blocked by constant)
    (Net )  i:/WORK/ptrng_REG_WIDTH32_RAND_WIDTH32/alarm/fm_mux_Ic6/andOut27[0]  (blocked by constant)
    (Net )  i:/WORK/ptrng_REG_WIDTH32_RAND_WIDTH32/alarm/fm_mux_I48/andOut27[1]  (blocked by constant)
    (Net )  i:/WORK/ptrng_REG_WIDTH32_RAND_WIDTH32/alarm/fm_mux_Ic6/andOut28[0]  (blocked by constant)
    (Net )  i:/WORK/ptrng_REG_WIDTH32_RAND_WIDTH32/alarm/fm_mux_I48/andOut28[1]  (blocked by constant)
    (Net )  i:/WORK/ptrng_REG_WIDTH32_RAND_WIDTH32/alarm/fm_mux_Ic6/andOut29[0]  (blocked by constant)
    (Net )  i:/WORK/ptrng_REG_WIDTH32_RAND_WIDTH32/alarm/fm_mux_I48/andOut29[1]  (blocked by constant)
    (Net )  i:/WORK/ptrng_REG_WIDTH32_RAND_WIDTH32/alarm/fm_mux_Ic6/andOut2[0]  (blocked by constant)
    (Net )  i:/WORK/ptrng_REG_WIDTH32_RAND_WIDTH32/alarm/fm_mux_I48/andOut2[1]  (blocked by constant)
    (Net )  i:/WORK/ptrng_REG_WIDTH32_RAND_WIDTH32/alarm/fm_mux_Ic6/andOut30[0]  (blocked by constant)
    (Net )  i:/WORK/ptrng_REG_WIDTH32_RAND_WIDTH32/alarm/fm_mux_I48/andOut30[1]  (blocked by constant)
    (Net )  i:/WORK/ptrng_REG_WIDTH32_RAND_WIDTH32/alarm/fm_mux_Ic6/andOut31[0]  (blocked by constant)
    (Net )  i:/WORK/ptrng_REG_WIDTH32_RAND_WIDTH32/alarm/fm_mux_I48/andOut31[1]  (blocked by constant)
    (Net )  i:/WORK/ptrng_REG_WIDTH32_RAND_WIDTH32/alarm/fm_mux_Ic6/andOut3[0]  (blocked by constant)
    (Net )  i:/WORK/ptrng_REG_WIDTH32_RAND_WIDTH32/alarm/fm_mux_I48/andOut3[1]  (blocked by constant)
    (Net )  i:/WORK/ptrng_REG_WIDTH32_RAND_WIDTH32/alarm/fm_mux_Ic6/andOut4[0]  (blocked by constant)
    (Net )  i:/WORK/ptrng_REG_WIDTH32_RAND_WIDTH32/alarm/fm_mux_I48/andOut4[1]  (blocked by constant)
    (Net )  i:/WORK/ptrng_REG_WIDTH32_RAND_WIDTH32/alarm/fm_mux_Ic6/andOut5[0]  (blocked by constant)
    (Net )  i:/WORK/ptrng_REG_WIDTH32_RAND_WIDTH32/alarm/fm_mux_I48/andOut5[1]  (blocked by constant)
    (Net )  i:/WORK/ptrng_REG_WIDTH32_RAND_WIDTH32/alarm/fm_mux_Ic6/andOut6[0]  (blocked by constant)
    (Net )  i:/WORK/ptrng_REG_WIDTH32_RAND_WIDTH32/alarm/fm_mux_I48/andOut6[1]  (blocked by constant)
    (Net )  i:/WORK/ptrng_REG_WIDTH32_RAND_WIDTH32/alarm/fm_mux_Ic6/andOut7[0]  (blocked by constant)
    (Net )  i:/WORK/ptrng_REG_WIDTH32_RAND_WIDTH32/alarm/fm_mux_I48/andOut7[1]  (blocked by constant)
    (Net )  i:/WORK/ptrng_REG_WIDTH32_RAND_WIDTH32/alarm/fm_mux_Ic6/andOut8[0]  (blocked by constant)
    (Net )  i:/WORK/ptrng_REG_WIDTH32_RAND_WIDTH32/alarm/fm_mux_I48/andOut8[1]  (blocked by constant)
    (Net )  i:/WORK/ptrng_REG_WIDTH32_RAND_WIDTH32/alarm/fm_mux_Ic6/andOut9[0]  (blocked by constant)
    (Net )  i:/WORK/ptrng_REG_WIDTH32_RAND_WIDTH32/alarm/fm_mux_I48/andOut9[1]  (blocked by constant)
    (Net )  i:/WORK/ptrng_REG_WIDTH32_RAND_WIDTH32/alarm/fm_sbox_Ic8/and_0out  (blocked by constant)
    (Net )  i:/WORK/ptrng_REG_WIDTH32_RAND_WIDTH32/alarm/fm_N56  (blocked by constant)
    (Net )  i:/WORK/ptrng_REG_WIDTH32_RAND_WIDTH32/freqdivider_en  (no reader)
    (Net )  i:/WORK/ptrng_REG_WIDTH32_RAND_WIDTH32/freqdivider_value[0]  (no reader)
    (Net )  i:/WORK/ptrng_REG_WIDTH32_RAND_WIDTH32/freqdivider_value[10]  (no reader)
    (Net )  i:/WORK/ptrng_REG_WIDTH32_RAND_WIDTH32/freqdivider_value[11]  (no reader)
    (Net )  i:/WORK/ptrng_REG_WIDTH32_RAND_WIDTH32/freqdivider_value[12]  (no reader)
    (Net )  i:/WORK/ptrng_REG_WIDTH32_RAND_WIDTH32/freqdivider_value[13]  (no reader)
    (Net )  i:/WORK/ptrng_REG_WIDTH32_RAND_WIDTH32/freqdivider_value[14]  (no reader)
    (Net )  i:/WORK/ptrng_REG_WIDTH32_RAND_WIDTH32/freqdivider_value[15]  (no reader)
    (Net )  i:/WORK/ptrng_REG_WIDTH32_RAND_WIDTH32/freqdivider_value[16]  (no reader)
    (Net )  i:/WORK/ptrng_REG_WIDTH32_RAND_WIDTH32/freqdivider_value[17]  (no reader)
    (Net )  i:/WORK/ptrng_REG_WIDTH32_RAND_WIDTH32/freqdivider_value[18]  (no reader)
    (Net )  i:/WORK/ptrng_REG_WIDTH32_RAND_WIDTH32/freqdivider_value[19]  (no reader)
    (Net )  i:/WORK/ptrng_REG_WIDTH32_RAND_WIDTH32/freqdivider_value[1]  (no reader)
    (Net )  i:/WORK/ptrng_REG_WIDTH32_RAND_WIDTH32/freqdivider_value[20]  (no reader)
    (Net )  i:/WORK/ptrng_REG_WIDTH32_RAND_WIDTH32/freqdivider_value[21]  (no reader)
    (Net )  i:/WORK/ptrng_REG_WIDTH32_RAND_WIDTH32/freqdivider_value[22]  (no reader)
    (Net )  i:/WORK/ptrng_REG_WIDTH32_RAND_WIDTH32/freqdivider_value[23]  (no reader)
    (Net )  i:/WORK/ptrng_REG_WIDTH32_RAND_WIDTH32/freqdivider_value[24]  (no reader)
    (Net )  i:/WORK/ptrng_REG_WIDTH32_RAND_WIDTH32/freqdivider_value[25]  (no reader)
    (Net )  i:/WORK/ptrng_REG_WIDTH32_RAND_WIDTH32/freqdivider_value[26]  (no reader)
    (Net )  i:/WORK/ptrng_REG_WIDTH32_RAND_WIDTH32/freqdivider_value[27]  (no reader)
    (Net )  i:/WORK/ptrng_REG_WIDTH32_RAND_WIDTH32/freqdivider_value[28]  (no reader)
    (Net )  i:/WORK/ptrng_REG_WIDTH32_RAND_WIDTH32/freqdivider_value[29]  (no reader)
    (Net )  i:/WORK/ptrng_REG_WIDTH32_RAND_WIDTH32/freqdivider_value[2]  (no reader)
    (Net )  i:/WORK/ptrng_REG_WIDTH32_RAND_WIDTH32/freqdivider_value[30]  (no reader)
    (Net )  i:/WORK/ptrng_REG_WIDTH32_RAND_WIDTH32/freqdivider_value[31]  (no reader)
    (Net )  i:/WORK/ptrng_REG_WIDTH32_RAND_WIDTH32/freqdivider_value[3]  (no reader)
    (Net )  i:/WORK/ptrng_REG_WIDTH32_RAND_WIDTH32/freqdivider_value[4]  (no reader)
    (Net )  i:/WORK/ptrng_REG_WIDTH32_RAND_WIDTH32/freqdivider_value[5]  (no reader)
    (Net )  i:/WORK/ptrng_REG_WIDTH32_RAND_WIDTH32/freqdivider_value[6]  (no reader)
    (Net )  i:/WORK/ptrng_REG_WIDTH32_RAND_WIDTH32/freqdivider_value[7]  (no reader)
    (Net )  i:/WORK/ptrng_REG_WIDTH32_RAND_WIDTH32/freqdivider_value[8]  (no reader)
    (Net )  i:/WORK/ptrng_REG_WIDTH32_RAND_WIDTH32/freqdivider_value[9]  (no reader)
    (Net )  i:/WORK/ptrng_REG_WIDTH32_RAND_WIDTH32/ring_en[10]  (no reader)
    (Net )  i:/WORK/ptrng_REG_WIDTH32_RAND_WIDTH32/ring_en[11]  (no reader)
    (Net )  i:/WORK/ptrng_REG_WIDTH32_RAND_WIDTH32/ring_en[12]  (no reader)
    (Net )  i:/WORK/ptrng_REG_WIDTH32_RAND_WIDTH32/ring_en[13]  (no reader)
    (Net )  i:/WORK/ptrng_REG_WIDTH32_RAND_WIDTH32/ring_en[14]  (no reader)
    (Net )  i:/WORK/ptrng_REG_WIDTH32_RAND_WIDTH32/ring_en[15]  (no reader)
    (Net )  i:/WORK/ptrng_REG_WIDTH32_RAND_WIDTH32/ring_en[16]  (no reader)
    (Net )  i:/WORK/ptrng_REG_WIDTH32_RAND_WIDTH32/ring_en[17]  (no reader)
    (Net )  i:/WORK/ptrng_REG_WIDTH32_RAND_WIDTH32/ring_en[18]  (no reader)
    (Net )  i:/WORK/ptrng_REG_WIDTH32_RAND_WIDTH32/ring_en[19]  (no reader)
    (Net )  i:/WORK/ptrng_REG_WIDTH32_RAND_WIDTH32/ring_en[20]  (no reader)
    (Net )  i:/WORK/ptrng_REG_WIDTH32_RAND_WIDTH32/ring_en[21]  (no reader)
    (Net )  i:/WORK/ptrng_REG_WIDTH32_RAND_WIDTH32/ring_en[22]  (no reader)
    (Net )  i:/WORK/ptrng_REG_WIDTH32_RAND_WIDTH32/ring_en[23]  (no reader)
    (Net )  i:/WORK/ptrng_REG_WIDTH32_RAND_WIDTH32/ring_en[24]  (no reader)
    (Net )  i:/WORK/ptrng_REG_WIDTH32_RAND_WIDTH32/ring_en[25]  (no reader)
    (Net )  i:/WORK/ptrng_REG_WIDTH32_RAND_WIDTH32/ring_en[26]  (no reader)
    (Net )  i:/WORK/ptrng_REG_WIDTH32_RAND_WIDTH32/ring_en[27]  (no reader)
    (Net )  i:/WORK/ptrng_REG_WIDTH32_RAND_WIDTH32/ring_en[28]  (no reader)
    (Net )  i:/WORK/ptrng_REG_WIDTH32_RAND_WIDTH32/ring_en[29]  (no reader)
    (Net )  i:/WORK/ptrng_REG_WIDTH32_RAND_WIDTH32/ring_en[2]  (no reader)
    (Net )  i:/WORK/ptrng_REG_WIDTH32_RAND_WIDTH32/ring_en[30]  (no reader)
    (Net )  i:/WORK/ptrng_REG_WIDTH32_RAND_WIDTH32/ring_en[31]  (no reader)
    (Net )  i:/WORK/ptrng_REG_WIDTH32_RAND_WIDTH32/ring_en[3]  (no reader)
    (Net )  i:/WORK/ptrng_REG_WIDTH32_RAND_WIDTH32/ring_en[4]  (no reader)
    (Net )  i:/WORK/ptrng_REG_WIDTH32_RAND_WIDTH32/ring_en[5]  (no reader)
    (Net )  i:/WORK/ptrng_REG_WIDTH32_RAND_WIDTH32/ring_en[6]  (no reader)
    (Net )  i:/WORK/ptrng_REG_WIDTH32_RAND_WIDTH32/ring_en[7]  (no reader)
    (Net )  i:/WORK/ptrng_REG_WIDTH32_RAND_WIDTH32/ring_en[8]  (no reader)
    (Net )  i:/WORK/ptrng_REG_WIDTH32_RAND_WIDTH32/ring_en[9]  (no reader)


